// Jest Snapshot v1, https://goo.gl/fbAQLP

exports[`TenDay component renders correctly 1`] = `
<div
  className="tenDayCards"
>
  <div
    className="card"
  >
    <h1>
      Wed
    </h1>
  </div>
  <div
    className="card"
  >
    <h1>
      Thu
    </h1>
  </div>
  <div
    className="card"
  >
    <h1>
      Fri
    </h1>
  </div>
  <div
    className="card"
  >
    <h1>
      Sat
    </h1>
  </div>
  <div
    className="card"
  >
    <h1>
      Sun
    </h1>
  </div>
  <div
    className="card"
  >
    <h1>
      Mon
    </h1>
  </div>
  <div
    className="card"
  >
    <h1>
      Tue
    </h1>
  </div>
  <div
    className="card"
  >
    <h1>
      Wed
    </h1>
  </div>
  <div
    className="card"
  >
    <h1>
      Thu
    </h1>
  </div>
  <div
    className="card"
  >
    <h1>
      Fri
    </h1>
  </div>
</div>
`;
